../Core/Src/stm32f4xx_hal_msp.c:68:6:HAL_MspInit	8	static
../Core/Src/stm32f4xx_hal_msp.c:90:6:HAL_ADC_MspInit	48	static
../Core/Src/stm32f4xx_hal_msp.c:152:6:HAL_ADC_MspDeInit	8	static
../Core/Src/stm32f4xx_hal_msp.c:188:6:HAL_TIM_Base_MspInit	24	static
../Core/Src/stm32f4xx_hal_msp.c:235:6:HAL_TIM_MspPostInit	48	static
../Core/Src/stm32f4xx_hal_msp.c:298:6:HAL_TIM_Base_MspDeInit	0	static
../Core/Src/stm32f4xx_hal_msp.c:351:6:HAL_UART_MspInit	48	static
../Core/Src/stm32f4xx_hal_msp.c:406:6:HAL_UART_MspDeInit	8	static
