../Core/Src/main.c:79:6:HAL_GPIO_EXTI_Callback	56	static
../Core/Src/main.c:157:8:servo_follow	32	static
../Core/Src/main.c:102:5:main	32	static
../Core/Src/main.c:222:6:SystemClock_Config	88	static
../Core/Src/main.c:264:13:MX_ADC1_Init	24	static
../Core/Src/main.c:316:13:MX_TIM2_Init	64	static
../Core/Src/main.c:375:13:MX_TIM3_Init	32	static
../Core/Src/main.c:420:13:MX_USART6_UART_Init	8	static
../Core/Src/main.c:451:13:MX_DMA_Init	16	static
../Core/Src/main.c:472:13:MX_GPIO_Init	40	static
../Core/Src/main.c:511:6:Error_Handler	4	static,ignoring_inline_asm
