../Core/Src/main.c:82:6:HAL_Delay	24	static
../Core/Src/main.c:87:6:HAL_GPIO_EXTI_Callback	64	static
../Core/Src/main.c:170:8:servo_follow	32	static
../Core/Src/main.c:115:5:main	32	static
../Core/Src/main.c:235:6:SystemClock_Config	88	static
../Core/Src/main.c:277:13:MX_ADC1_Init	24	static
../Core/Src/main.c:329:13:MX_TIM2_Init	64	static
../Core/Src/main.c:388:13:MX_TIM3_Init	32	static
../Core/Src/main.c:433:13:MX_USART6_UART_Init	8	static
../Core/Src/main.c:464:13:MX_DMA_Init	16	static
../Core/Src/main.c:485:13:MX_GPIO_Init	40	static
../Core/Src/main.c:524:6:Error_Handler	4	static,ignoring_inline_asm
